<html>
<body>
<pre>
<h1>礦ision Build Log</h1>
<h2>Project:</h2>
D:\CNC_Work\项目资料\通用教导版\DCMS_TEACH\LPC1788_DMCS\LPC1788_DMCS.uvproj
Project File Date:  08/27/2019

<h2>Output:</h2>
Rebuild target 'Target 1'
assembling startup_LPC177x_8x.s...
compiling system_LPC177x_8x.c...
compiling main.c...
compiling Public.c...
APP\Public.c(735): warning:  #111-D: statement is unreachable
                DReg[F_HOMEBTNA] = 0;
APP\Public.c(746): warning:  #111-D: statement is unreachable
                if(MCTYPE == MCT400)return;
APP\Public.c: 2 warnings, 0 errors
compiling UserFunc.c...
APP\UserFunc.c(586): warning:  #550-D: variable "ftemp" was set but never used
        float ftemp;
APP\UserFunc.c(1446): warning:  #550-D: variable "result" was set but never used
        long result;
APP\UserFunc.c(1485): warning:  #550-D: variable "result" was set but never used
        long i,result;
APP\UserFunc.c(1841): warning:  #111-D: statement is unreachable
        UserValueCrcCheck();
APP\UserFunc.c(1717): warning:  #177-D: variable "k" was declared but never referenced
        uint16_t i,j,k,disk_total,total;
APP\UserFunc.c(1717): warning:  #177-D: variable "disk_total" was declared but never referenced
        uint16_t i,j,k,disk_total,total;
APP\UserFunc.c(1717): warning:  #550-D: variable "total" was set but never used
        uint16_t i,j,k,disk_total,total;
APP\UserFunc.c(1718): warning:  #550-D: variable "delay_time0" was set but never used
        uint16_t delay_time0;
APP\UserFunc.c(1719): warning:  #550-D: variable "delay_time1" was set but never used
        uint16_t delay_time1;
APP\UserFunc.c(1720): warning:  #550-D: variable "delay_time2" was set but never used
        uint16_t delay_time2;
APP\UserFunc.c(1962): warning:  #111-D: statement is unreachable
        UserValueCrcCheck();
APP\UserFunc.c(1852): warning:  #550-D: variable "disk_total" was set but never used
        uint16_t disk_total,total;
APP\UserFunc.c: 12 warnings, 0 errors
compiling UserCrc.c...
linking...
Program Size: Code=75902 RO-data=176654 RW-data=2712 ZI-data=235440  
After Build - User command #1: fromelf.exe --bin -o "D:\CNC_Work\项目资料\通用教导版\DCMS_TEACH\LPC1788_DMCS\List\LPC1788_DMCS.bin" "D:\CNC_Work\项目资料\通用教导版\DCMS_TEACH\LPC1788_DMCS\List\LPC1788_DMCS.axf"
".\List\LPC1788_DMCS.axf" - 0 Error(s), 14 Warning(s).
</pre>
</body>
</html>
