<html>
<body>
<pre>
<h1>µVision Build Log</h1>
<h2>Project:</h2>
D:\CODE\LPC1788\LPC1788_TongXing\LPC1788_NON_OS_LWIP.uvproj
Project File Date:  06/18/2016

<h2>Output:</h2>
Build target 'LWIP_Stack'
linking...
Program Size: Code=50164 RO-data=828 RW-data=1076 ZI-data=62712  
FromELF: creating hex file...
After Build - User command #1: fromelf.exe --bin -o "D:\CODE\LPC1788\LPC1788_TongXing\LPC1788_TXKJ.bin" "D:\CODE\LPC1788\LPC1788_TongXing\LPC1788_TXKJ.axf"
".\LPC1788_TXKJ.axf" - 0 Error(s), 0 Warning(s).
</pre>
</body>
</html>
